ASxxxx Linker V03.00 + NoICE + sdld,  page 1.
Hexadecimal  [32-Bits]

Area                                    Addr        Size        Decimal Bytes (Attributes)
--------------------------------        ----        ----        ------- ----- ------------
CABS                                00000000    00000000 =           0. bytes (ABS,CON,CODE)

      Value  Global                              Global Defined In Module
      -----  --------------------------------   ------------------------
C:   00000000  l_CABS                          
C:   00000000  l_GSINIT1                       
C:   00000000  l_GSINIT5                       
C:   00000000  l_IABS                          
C:   00000000  l_ISEG                          
C:   00000000  l_PSEG                          
C:   00000000  l_REG_BANK_1                    
C:   00000000  l_REG_BANK_2                    
C:   00000000  l_REG_BANK_3                    
C:   00000000  l_RSEG                          
C:   00000000  l_RSEG0                         
C:   00000000  l_RSEG1                         
C:   00000000  l_XABS                          
C:   00000000  l_XINIT                         
C:   00000000  l_XISEG                         
C:   00000000  l__CODE                         
C:   00000000  s_BSEG                          
C:   00000000  s_CABS                          
C:   00000000  s_DSEG                          
C:   00000000  s_IABS                          
C:   00000000  s_ISEG                          
C:   00000000  s_REG_BANK_0                    
C:   00000000  s_RSEG                          
C:   00000000  s_RSEG0                         
C:   00000000  s_RSEG1                         
C:   00000000  s_XABS                          
C:   00000001  l_BIT_BANK                      
C:   00000001  l_BSEG_BYTES                    
C:   00000001  s_PSEG                          
C:   00000001  s_XSEG                          
C:   00000003  l_BSEG                          
C:   00000003  l_GSFINAL                       
C:   00000003  l_GSINIT0                       
C:   00000004  l_OSEG                          
C:   00000007  l_GSINIT                        
C:   00000008  l_REG_BANK_0                    
C:   00000008  s_REG_BANK_1                    
C:   0000000A  l_GSINIT2                       
C:   00000010  s_REG_BANK_2                    
C:   00000011  l_HOME                          
C:   00000018  s_REG_BANK_3                    
C:   00000020  s_BSEG_BYTES                    
C:   00000020  s__CODE                         
C:   00000021  s_BIT_BANK                      
C:   00000022  l_GSINIT3                       
C:   0000002A  l_GSINIT4                       
C:   0000002C  s_OSEG                          
C:   00000030  s_SSEG                          
C:   00000080  l_DSEG                          
C:   000000D0  l_SSEG                          
ASxxxx Linker V03.00 + NoICE + sdld,  page 2.
Hexadecimal  [32-Bits]

Area                                    Addr        Size        Decimal Bytes (Attributes)
--------------------------------        ----        ----        ------- ----- ------------
CABS                                00000000    00000000 =           0. bytes (ABS,CON,CODE)

      Value  Global                              Global Defined In Module
      -----  --------------------------------   ------------------------
C:   00000100  l_IRAM                          
C:   00000142  l_XSEG                          
C:   00000143  s_XISEG                         
C:   0000033D  l_CONST                         
C:   00002000  s_HOME                          
C:   00002011  s_GSINIT0                       
C:   00002014  s_GSINIT1                       
C:   00002014  s_GSINIT2                       
C:   0000201E  s_GSINIT3                       
C:   00002040  s_GSINIT4                       
C:   0000206A  s_GSINIT                        
C:   0000206A  s_GSINIT5                       
C:   00002071  s_GSFINAL                       
C:   00002074  s_CSEG                          
C:   000020BD  l_CSEG                          
C:   00004131  s_CONST                         
C:   0000446E  s_XINIT                         

ASxxxx Linker V03.00 + NoICE + sdld,  page 3.
Hexadecimal  [32-Bits]

Area                                    Addr        Size        Decimal Bytes (Attributes)
--------------------------------        ----        ----        ------- ----- ------------
.  .ABS.                            00000000    00000000 =           0. bytes (ABS,CON)

      Value  Global                              Global Defined In Module
      -----  --------------------------------   ------------------------
     00000000  .__.ABS.                           _gptrget
     00000080  _P0                                lcd_main
     00000080  _P0_0                              lcd_main
     00000081  _P0_1                              lcd_main
     00000081  _SP                                lcd_main
     00000082  _DPL                               lcd_main
     00000082  _P0_2                              lcd_main
     00000083  _DPH                               lcd_main
     00000083  _P0_3                              lcd_main
     00000084  _P0_4                              lcd_main
     00000085  _P0_5                              lcd_main
     00000086  _P0_6                              lcd_main
     00000087  _P0_7                              lcd_main
     00000087  _PCON                              lcd_main
     00000088  _IT0                               lcd_main
     00000088  _TCON                              lcd_main
     00000089  _IE0                               lcd_main
     00000089  _TMOD                              lcd_main
     0000008A  _IT1                               lcd_main
     0000008A  _TL0                               lcd_main
     0000008B  _IE1                               lcd_main
     0000008B  _TL1                               lcd_main
     0000008C  _TH0                               lcd_main
     0000008C  _TR0                               lcd_main
     0000008D  _TF0                               lcd_main
     0000008D  _TH1                               lcd_main
     0000008E  _AUXR                              lcd_main
     0000008E  _TR1                               lcd_main
     0000008F  _CKCON0                            lcd_main
     0000008F  _TF1                               lcd_main
     00000090  _P1                                lcd_main
     00000090  _P1_0                              lcd_main
     00000091  _P1_1                              lcd_main
     00000092  _P1_2                              lcd_main
     00000093  _P1_3                              lcd_main
     00000094  _P1_4                              lcd_main
     00000095  _P1_5                              lcd_main
     00000096  _P1_6                              lcd_main
     00000097  _CKRL                              lcd_main
     00000097  _P1_7                              lcd_main
     00000098  _RI                                lcd_main
     00000098  _SCON                              lcd_main
     00000099  _SBUF                              lcd_main
     00000099  _TI                                lcd_main
     0000009A  _BRL                               lcd_main
     0000009A  _RB8                               lcd_main
     0000009B  _BDRCON                            lcd_main
     0000009B  _TB8                               lcd_main
     0000009C  _KBLS                              lcd_main
     0000009C  _REN                               lcd_main
ASxxxx Linker V03.00 + NoICE + sdld,  page 4.
Hexadecimal  [32-Bits]

Area                                    Addr        Size        Decimal Bytes (Attributes)
--------------------------------        ----        ----        ------- ----- ------------
.  .ABS.                            00000000    00000000 =           0. bytes (ABS,CON)

      Value  Global                              Global Defined In Module
      -----  --------------------------------   ------------------------
     0000009D  _KBE                               lcd_main
     0000009D  _SM2                               lcd_main
     0000009E  _KBF                               lcd_main
     0000009E  _SM1                               lcd_main
     0000009F  _SM0                               lcd_main
     000000A0  _P2                                lcd_main
     000000A0  _P2_0                              lcd_main
     000000A0  __XPAGE                            
     000000A1  _P2_1                              lcd_main
     000000A2  _AUXR1                             lcd_main
     000000A2  _P2_2                              lcd_main
     000000A3  _P2_3                              lcd_main
     000000A4  _P2_4                              lcd_main
     000000A5  _P2_5                              lcd_main
     000000A6  _P2_6                              lcd_main
     000000A6  _WDTRST                            lcd_main
     000000A7  _P2_7                              lcd_main
     000000A7  _WDTPRG                            lcd_main
     000000A8  _EX0                               lcd_main
     000000A8  _IE                                lcd_main
     000000A8  _IEN0                              lcd_main
     000000A9  _ET0                               lcd_main
     000000A9  _SADDR                             lcd_main
     000000AA  _EX1                               lcd_main
     000000AB  _ET1                               lcd_main
     000000AC  _ES                                lcd_main
     000000AD  _ET2                               lcd_main
     000000AE  _EC                                lcd_main
     000000AF  _CKCON1                            lcd_main
     000000AF  _EA                                lcd_main
     000000B0  _P3                                lcd_main
     000000B0  _P3_0                              lcd_main
     000000B0  _RXD                               lcd_main
     000000B1  _IEN1                              lcd_main
     000000B1  _P3_1                              lcd_main
     000000B1  _TXD                               lcd_main
     000000B2  _INT0                              lcd_main
     000000B2  _IPL1                              lcd_main
     000000B2  _P3_2                              lcd_main
     000000B3  _INT1                              lcd_main
     000000B3  _IPH1                              lcd_main
     000000B3  _P3_3                              lcd_main
     000000B4  _P3_4                              lcd_main
     000000B4  _T0                                lcd_main
     000000B5  _P3_5                              lcd_main
     000000B5  _T1                                lcd_main
     000000B6  _P3_6                              lcd_main
     000000B6  _WR                                lcd_main
     000000B7  _IPH0                              lcd_main
     000000B7  _P3_7                              lcd_main
     000000B7  _RD                                lcd_main
ASxxxx Linker V03.00 + NoICE + sdld,  page 5.
Hexadecimal  [32-Bits]

Area                                    Addr        Size        Decimal Bytes (Attributes)
--------------------------------        ----        ----        ------- ----- ------------
.  .ABS.                            00000000    00000000 =           0. bytes (ABS,CON)

      Value  Global                              Global Defined In Module
      -----  --------------------------------   ------------------------
     000000B8  _IP                                lcd_main
     000000B8  _IPL0                              lcd_main
     000000B8  _PX0                               lcd_main
     000000B8  _PX0L                              lcd_main
     000000B9  _PT0                               lcd_main
     000000B9  _PT0L                              lcd_main
     000000B9  _SADEN                             lcd_main
     000000BA  _PX1                               lcd_main
     000000BA  _PX1L                              lcd_main
     000000BB  _PT1                               lcd_main
     000000BB  _PT1L                              lcd_main
     000000BC  _PS                                lcd_main
     000000BC  _PSL                               lcd_main
     000000BD  _PT2                               lcd_main
     000000BD  _PT2L                              lcd_main
     000000BE  _PPCL                              lcd_main
     000000C0  _P4                                lcd_main
     000000C0  _P4_0                              lcd_main
     000000C1  _P4_1                              lcd_main
     000000C2  _P4_2                              lcd_main
     000000C3  _P4_3                              lcd_main
     000000C3  _SPCON                             lcd_main
     000000C4  _P4_4                              lcd_main
     000000C4  _SPSTA                             lcd_main
     000000C5  _P4_5                              lcd_main
     000000C5  _SPDAT                             lcd_main
     000000C6  _P4_6                              lcd_main
     000000C7  _P4_7                              lcd_main
     000000C8  _CP_RL2                            lcd_main
     000000C8  _T2CON                             lcd_main
     000000C8  _T2CON_0                           lcd_main
     000000C9  _C_T2                              lcd_main
     000000C9  _T2CON_1                           lcd_main
     000000C9  _T2MOD                             lcd_main
     000000CA  _RCAP2L                            lcd_main
     000000CA  _T2CON_2                           lcd_main
     000000CA  _TR2                               lcd_main
     000000CB  _EXEN2                             lcd_main
     000000CB  _RCAP2H                            lcd_main
     000000CB  _T2CON_3                           lcd_main
     000000CC  _T2CON_4                           lcd_main
     000000CC  _TCLK                              lcd_main
     000000CC  _TL2                               lcd_main
     000000CD  _RCLK                              lcd_main
     000000CD  _T2CON_5                           lcd_main
     000000CD  _TH2                               lcd_main
     000000CE  _EXF2                              lcd_main
     000000CE  _T2CON_6                           lcd_main
     000000CF  _T2CON_7                           lcd_main
     000000CF  _TF2                               lcd_main
     000000D0  _P                                 lcd_main
ASxxxx Linker V03.00 + NoICE + sdld,  page 6.
Hexadecimal  [32-Bits]

Area                                    Addr        Size        Decimal Bytes (Attributes)
--------------------------------        ----        ----        ------- ----- ------------
.  .ABS.                            00000000    00000000 =           0. bytes (ABS,CON)

      Value  Global                              Global Defined In Module
      -----  --------------------------------   ------------------------
     000000D0  _PSW                               lcd_main
     000000D1  _F1                                lcd_main
     000000D2  _EECON                             lcd_main
     000000D2  _OV                                lcd_main
     000000D3  _RS0                               lcd_main
     000000D4  _RS1                               lcd_main
     000000D5  _F0                                lcd_main
     000000D6  _AC                                lcd_main
     000000D7  _CY                                lcd_main
     000000D8  _CCF0                              lcd_main
     000000D8  _CCON                              lcd_main
     000000D9  _CCF1                              lcd_main
     000000D9  _CMOD                              lcd_main
     000000DA  _CCAPM0                            lcd_main
     000000DA  _CCF2                              lcd_main
     000000DB  _CCAPM1                            lcd_main
     000000DB  _CCF3                              lcd_main
     000000DC  _CCAPM2                            lcd_main
     000000DC  _CCF4                              lcd_main
     000000DD  _CCAPM3                            lcd_main
     000000DE  _CCAPM4                            lcd_main
     000000DE  _CR                                lcd_main
     000000DF  _CF                                lcd_main
     000000E0  _ACC                               lcd_main
     000000E8  _P5                                lcd_main
     000000E8  _P5_0                              lcd_main
     000000E9  _CL                                lcd_main
     000000E9  _P5_1                              lcd_main
     000000EA  _CCAP0L                            lcd_main
     000000EA  _P5_2                              lcd_main
     000000EB  _CCAP1L                            lcd_main
     000000EB  _P5_3                              lcd_main
     000000EC  _CCAP2L                            lcd_main
     000000EC  _P5_4                              lcd_main
     000000ED  _CCAP3L                            lcd_main
     000000ED  _P5_5                              lcd_main
     000000EE  _CCAP4L                            lcd_main
     000000EE  _P5_6                              lcd_main
     000000EF  _P5_7                              lcd_main
     000000F0  _B                                 lcd_main
     000000F5  _B_5                               _gptrget
     000000F6  _B_6                               _gptrget
     000000F7  _B_7                               _gptrget
     000000F9  _CH                                lcd_main
     000000FA  _CCAP0H                            lcd_main
     000000FB  _CCAP1H                            lcd_main
     000000FC  _CCAP2H                            lcd_main
     000000FD  _CCAP3H                            lcd_main
     000000FE  _CCAP4H                            lcd_main
ASxxxx Linker V03.00 + NoICE + sdld,  page 7.
Hexadecimal  [32-Bits]

Area                                    Addr        Size        Decimal Bytes (Attributes)
--------------------------------        ----        ----        ------- ----- ------------
BSEG_BYTES                          00000020    00000001 =           1. bytes (REL,CON)

      Value  Global                              Global Defined In Module
      -----  --------------------------------   ------------------------
ASxxxx Linker V03.00 + NoICE + sdld,  page 8.
Hexadecimal  [32-Bits]

Area                                    Addr        Size        Decimal Bytes (Attributes)
--------------------------------        ----        ----        ------- ----- ------------
REG_BANK_0                          00000000    00000008 =           8. bytes (REL,OVR)

      Value  Global                              Global Defined In Module
      -----  --------------------------------   ------------------------
ASxxxx Linker V03.00 + NoICE + sdld,  page 9.
Hexadecimal  [32-Bits]

Area                                    Addr        Size        Decimal Bytes (Attributes)
--------------------------------        ----        ----        ------- ----- ------------
BIT_BANK                            00000021    00000001 =           1. bytes (REL,OVR)

      Value  Global                              Global Defined In Module
      -----  --------------------------------   ------------------------
ASxxxx Linker V03.00 + NoICE + sdld,  page 10.
Hexadecimal  [32-Bits]

Area                                    Addr        Size        Decimal Bytes (Attributes)
--------------------------------        ----        ----        ------- ----- ------------
DSEG                                00000000    00000080 =         128. bytes (REL,CON)

      Value  Global                              Global Defined In Module
      -----  --------------------------------   ------------------------
     0000001F  _bp                                _bp

ASxxxx Linker V03.00 + NoICE + sdld,  page 11.
Hexadecimal  [32-Bits]

Area                                    Addr        Size        Decimal Bytes (Attributes)
--------------------------------        ----        ----        ------- ----- ------------
OSEG                                0000002C    00000004 =           4. bytes (REL,OVR)

      Value  Global                              Global Defined In Module
      -----  --------------------------------   ------------------------
ASxxxx Linker V03.00 + NoICE + sdld,  page 12.
Hexadecimal  [32-Bits]

Area                                    Addr        Size        Decimal Bytes (Attributes)
--------------------------------        ----        ----        ------- ----- ------------
SSEG                                00000030    000000D0 =         208. bytes (REL,OVR)

      Value  Global                              Global Defined In Module
      -----  --------------------------------   ------------------------
     00000030  __start__stack                     lcd_main

ASxxxx Linker V03.00 + NoICE + sdld,  page 13.
Hexadecimal  [32-Bits]

Area                                    Addr        Size        Decimal Bytes (Attributes)
--------------------------------        ----        ----        ------- ----- ------------
XSEG                                00000001    00000142 =         322. bytes (REL,CON,XDATA)

      Value  Global                              Global Defined In Module
      -----  --------------------------------   ------------------------
D:   00000001  _lcd_current_column                lcd_main
D:   00000002  _lcd_current_row                   lcd_main
D:   00000003  _timer_on_off_flag                 lcd_main
D:   00000004  _time                              lcd_main
D:   0000007E  _lcd_goto_xy_PARM_2                lcd_main
D:   000000AF  _lcd_print_number_PARM_2           lcd_main
D:   000000C3  _print_number_hex_PARM_2           lcd_main
D:   000000D5  _lcdcreatechar_PARM_2              lcd_main
D:   000000E4  __modslong_PARM_2                  _modslong
D:   000000EC  __modulong_PARM_2                  _modulong
D:   000000F5  __divslong_PARM_2                  _divslong
D:   000000FD  __divulong_PARM_2                  _divulong
D:   0000010A  __mulint_PARM_2                    _mulint
D:   0000010C  _vprintf_PARM_2                    vprintf
D:   00000121  __print_format_PARM_2              printf_large
D:   00000124  __print_format_PARM_3              printf_large
D:   00000127  __print_format_PARM_4              printf_large

ASxxxx Linker V03.00 + NoICE + sdld,  page 14.
Hexadecimal  [32-Bits]

Area                                    Addr        Size        Decimal Bytes (Attributes)
--------------------------------        ----        ----        ------- ----- ------------
HOME                                00002000    00000011 =          17. bytes (REL,CON,CODE)

      Value  Global                              Global Defined In Module
      -----  --------------------------------   ------------------------
C:   0000200E  __sdcc_program_startup             lcd_main

ASxxxx Linker V03.00 + NoICE + sdld,  page 15.
Hexadecimal  [32-Bits]

Area                                    Addr        Size        Decimal Bytes (Attributes)
--------------------------------        ----        ----        ------- ----- ------------
GSINIT0                             00002011    00000003 =           3. bytes (REL,CON,CODE)

      Value  Global                              Global Defined In Module
      -----  --------------------------------   ------------------------
C:   00002011  __sdcc_gsinit_startup              

ASxxxx Linker V03.00 + NoICE + sdld,  page 16.
Hexadecimal  [32-Bits]

Area                                    Addr        Size        Decimal Bytes (Attributes)
--------------------------------        ----        ----        ------- ----- ------------
GSINIT2                             00002014    0000000A =          10. bytes (REL,CON,CODE)

      Value  Global                              Global Defined In Module
      -----  --------------------------------   ------------------------
ASxxxx Linker V03.00 + NoICE + sdld,  page 17.
Hexadecimal  [32-Bits]

Area                                    Addr        Size        Decimal Bytes (Attributes)
--------------------------------        ----        ----        ------- ----- ------------
GSINIT3                             0000201E    00000022 =          34. bytes (REL,CON,CODE)

      Value  Global                              Global Defined In Module
      -----  --------------------------------   ------------------------
C:   0000201E  __mcs51_genXINIT                   

ASxxxx Linker V03.00 + NoICE + sdld,  page 18.
Hexadecimal  [32-Bits]

Area                                    Addr        Size        Decimal Bytes (Attributes)
--------------------------------        ----        ----        ------- ----- ------------
GSINIT4                             00002040    0000002A =          42. bytes (REL,CON,CODE)

      Value  Global                              Global Defined In Module
      -----  --------------------------------   ------------------------
C:   00002040  __mcs51_genRAMCLEAR                
C:   00002046  __mcs51_genXRAMCLEAR               

ASxxxx Linker V03.00 + NoICE + sdld,  page 19.
Hexadecimal  [32-Bits]

Area                                    Addr        Size        Decimal Bytes (Attributes)
--------------------------------        ----        ----        ------- ----- ------------
GSINIT                              0000206A    00000007 =           7. bytes (REL,CON,CODE)

      Value  Global                              Global Defined In Module
      -----  --------------------------------   ------------------------
ASxxxx Linker V03.00 + NoICE + sdld,  page 20.
Hexadecimal  [32-Bits]

Area                                    Addr        Size        Decimal Bytes (Attributes)
--------------------------------        ----        ----        ------- ----- ------------
GSFINAL                             00002071    00000003 =           3. bytes (REL,CON,CODE)

      Value  Global                              Global Defined In Module
      -----  --------------------------------   ------------------------
ASxxxx Linker V03.00 + NoICE + sdld,  page 21.
Hexadecimal  [32-Bits]

Area                                    Addr        Size        Decimal Bytes (Attributes)
--------------------------------        ----        ----        ------- ----- ------------
CSEG                                00002074    000020BD =        8381. bytes (REL,CON,CODE)

      Value  Global                              Global Defined In Module
      -----  --------------------------------   ------------------------
C:   00002074  __sdcc_external_startup            lcd_main
C:   0000207B  _main                              lcd_main
C:   0000241A  _lcd_init                          lcd_main
C:   00002471  _lcd_row_change                    lcd_main
C:   000024B3  _lcd_busy_wait                     lcd_main
C:   000024BF  _lcd_goto_add                      lcd_main
C:   00002583  _lcd_goto_xy                       lcd_main
C:   000025E6  _lcd_cmd_write                     lcd_main
C:   000025FC  _lcd_putchar                       lcd_main
C:   00002623  _lcd_putstr                        lcd_main
C:   00002663  _lcd_clear                         lcd_main
C:   00002673  _putchar                           lcd_main
C:   00002692  _getchar                           lcd_main
C:   000026A0  _delay_ms                          lcd_main
C:   0000270E  _fetch_number                      lcd_main
C:   0000282B  _char_to_int                       lcd_main
C:   00002885  _rtc_interrupt_handler             lcd_main
C:   00002900  _timer_init                        lcd_main
C:   0000291D  _timer_display                     lcd_main
C:   00002A50  _timer_stop                        lcd_main
C:   00002A53  _timer_start                       lcd_main
C:   00002A56  _timer_reset                       lcd_main
C:   00002A62  _lcd_print_number                  lcd_main
C:   00002C33  _lcd_ddram_flush                   lcd_main
C:   00002CF0  _lcd_cgram_flush                   lcd_main
C:   00002DAB  _print_number_hex                  lcd_main
C:   00002EFB  _int_to_char                       lcd_main
C:   00002F98  _lcdcreatechar                     lcd_main
C:   00003109  _enter_custom_character            lcd_main
C:   0000318E  _lcd_custom_character_creation     lcd_main
C:   000031CE  __modslong                         _modslong
C:   00003282  __modulong                         _modulong
C:   000033C2  __divslong                         _divslong
C:   0000347E  __divulong                         _divulong
C:   00003572  _printf_tiny                       printf_tiny
C:   0000367B  __mulint                           _mulint
C:   000036AA  _vprintf                           vprintf
C:   000036E9  _printf                            vprintf
C:   000037EF  __print_format                     printf_large
C:   000040FD  _strlen                            _strlen
C:   00004115  __gptrget                          _gptrget

ASxxxx Linker V03.00 + NoICE + sdld,  page 22.
Hexadecimal  [32-Bits]

Area                                    Addr        Size        Decimal Bytes (Attributes)
--------------------------------        ----        ----        ------- ----- ------------
CONST                               00004131    0000033D =         829. bytes (REL,CON,CODE)

      Value  Global                              Global Defined In Module
      -----  --------------------------------   ------------------------
ASxxxx Linker V03.00 + NoICE + sdld,  page 23.

Files Linked                              [ module(s) ]

obj\Release\lcd_main.rel                  [  ]


Libraries Linked                          [ object file ]

C:\Program Files\SDCC\bin\..\lib\large/liblong.lib
                                          [ _modslong.rel ]
C:\Program Files\SDCC\bin\..\lib\large/liblong.lib
                                          [ _modulong.rel ]
C:\Program Files\SDCC\bin\..\lib\large/liblong.lib
                                          [ _divslong.rel ]
C:\Program Files\SDCC\bin\..\lib\large/liblong.lib
                                          [ _divulong.rel ]
C:\Program Files\SDCC\bin\..\lib\large/mcs51.lib
                                          [ crtclear.rel ]
C:\Program Files\SDCC\bin\..\lib\large/mcs51.lib
                                          [ crtxinit.rel ]
C:\Program Files\SDCC\bin\..\lib\large/libsdcc.lib
                                          [ printf_tiny.rel ]
C:\Program Files\SDCC\bin\..\lib\large/libint.lib
                                          [ _mulint.rel ]
C:\Program Files\SDCC\bin\..\lib\large/mcs51.lib
                                          [ crtxclear.rel ]
C:\Program Files\SDCC\bin\..\lib\large/libsdcc.lib
                                          [ _bp.rel ]
C:\Program Files\SDCC\bin\..\lib\large/libsdcc.lib
                                          [ vprintf.rel ]
C:\Program Files\SDCC\bin\..\lib\large/libsdcc.lib
                                          [ printf_large.rel ]
C:\Program Files\SDCC\bin\..\lib\large/mcs51.lib
                                          [ crtpagesfr.rel ]
C:\Program Files\SDCC\bin\..\lib\large/libsdcc.lib
                                          [ _strlen.rel ]
C:\Program Files\SDCC\bin\..\lib\large/mcs51.lib
                                          [ crtstart.rel ]
C:\Program Files\SDCC\bin\..\lib\large/libsdcc.lib
                                          [ _gptrget.rel ]

ASxxxx Linker V03.00 + NoICE + sdld,  page 24.

User Base Address Definitions

HOME = 0x2000
XSEG = 0x0001
PSEG = 0x0001
ISEG = 0x0000
BSEG = 0x0000

