../Drivers/CMSIS/Include/core_cm4.h:1688:22:__NVIC_EnableIRQ	16	static
../Core/Src/main.c:81:6:UART_SendChar	16	static
../Core/Src/main.c:87:6:USART2_ReceiveChar	4	static
../Core/Src/main.c:95:6:UART_SendString	24	static
../Core/Src/main.c:104:6:UpdatePWM	16	static
../Core/Src/main.c:113:5:main	64	static
../Core/Src/main.c:186:6:SystemClock_Config	88	static
../Core/Src/main.c:233:13:MX_GPIO_Init	8	static
../Core/Src/main.c:247:6:USART2_Init	4	static
../Core/Src/main.c:264:6:PWM_Config	4	static
../Core/Src/main.c:286:6:EXTI0_IRQHandler	4	static
../Core/Src/main.c:307:6:Error_Handler	4	static,ignoring_inline_asm
../Core/Src/main.c:318:6:TIM2_Init	8	static
../Core/Src/main.c:329:6:TIM2_IRQHandler	8	static
